../Drivers/3d_engine/3d_engine.c:12:7:deg2rad	16	static
../Drivers/3d_engine/3d_engine.c:16:9:compare_points	32	static
../Drivers/3d_engine/3d_engine.c:26:9:createNode	24	static
../Drivers/3d_engine/3d_engine.c:33:9:push	24	static
../Drivers/3d_engine/3d_engine.c:46:9:pop	24	static
../Drivers/3d_engine/3d_engine.c:54:9:search	24	static
../Drivers/3d_engine/3d_engine.c:66:6:rotate_x	40	static
../Drivers/3d_engine/3d_engine.c:75:6:rotate_y	40	static
../Drivers/3d_engine/3d_engine.c:83:6:rotate_z	40	static
../Drivers/3d_engine/3d_engine.c:93:11:project	32	static
../Drivers/3d_engine/3d_engine.c:100:10:allocProcjection	24	static
../Drivers/3d_engine/3d_engine.c:117:14:vector_length	24	static
../Drivers/3d_engine/3d_engine.c:122:12:allocStlProjection	32	static
../Drivers/3d_engine/3d_engine.c:143:6:rotate_obj	32	static
../Drivers/3d_engine/3d_engine.c:150:6:rotate_stl_obj	32	static
../Drivers/3d_engine/3d_engine.c:173:6:render_object	32	static
../Drivers/3d_engine/3d_engine.c:184:7:dot_product	32	static
../Drivers/3d_engine/3d_engine.c:208:6:render_stl_object	32	static
../Drivers/3d_engine/3d_engine.c:218:6:calculate_normal	48	static
../Drivers/3d_engine/3d_engine.c:239:10:create_icosahedron	416	static
../Drivers/3d_engine/3d_engine.c:311:10:adjust_luminosity	32	static
../Drivers/3d_engine/3d_engine.c:328:7:average_z	24	static
../Drivers/3d_engine/3d_engine.c:331:5:compare_faces	24	static
../Drivers/3d_engine/3d_engine.c:339:6:painterAlgorithm	48	static
../Drivers/3d_engine/3d_engine.c:367:6:normalize_vector	24	static
